Component: ARM Compiler 5.06 update 7 (build 960) Tool: armlink [4d3601]

==============================================================================

Section Cross References

    startup_lpc17xx.o(RESET) refers to startup_lpc17xx.o(STACK) for __initial_sp
    startup_lpc17xx.o(RESET) refers to startup_lpc17xx.o(.text) for Reset_Handler
    startup_lpc17xx.o(RESET) refers to can_self_test.o(.text) for CAN_IRQHandler
    startup_lpc17xx.o(.text) refers to system_lpc17xx.o(.text) for SystemInit
    startup_lpc17xx.o(.text) refers to entry.o(.ARM.Collect$$$$00000000) for __main
    system_lpc17xx.o(.text) refers to system_lpc17xx.o(.data) for SystemCoreClock
    lpc17xx_can.o(.text) refers to can_self_test.o(.text) for check_failed
    lpc17xx_can.o(.text) refers to lpc17xx_clkpwr.o(.text) for CLKPWR_GetPCLK
    lpc17xx_can.o(.text) refers to lpc17xx_can.o(.data) for FULLCAN_ENABLE
    lpc17xx_clkpwr.o(.text) refers to system_lpc17xx.o(.data) for SystemCoreClock
    lpc17xx_uart.o(.text) refers to lpc17xx_clkpwr.o(.text) for CLKPWR_GetPCLK
    lpc17xx_uart.o(.text) refers to uldiv.o(.text) for __aeabi_uldivmod
    lpc17xx_uart.o(.text) refers to can_self_test.o(.text) for check_failed
    debug_frmwrk.o(.text) refers to lpc17xx_uart.o(.text) for UART_Send
    debug_frmwrk.o(.text) refers to lpc17xx_pinsel.o(.text) for PINSEL_ConfigPin
    debug_frmwrk.o(.text) refers to debug_frmwrk.o(.data) for _db_msg
    can_self_test.o(.text) refers to lpc17xx_can.o(.text) for CAN_GetCTRLStatus
    can_self_test.o(.text) refers to debug_frmwrk.o(.text) for debug_frmwrk_init
    can_self_test.o(.text) refers to can_self_test.o(.bss) for TXMsg
    can_self_test.o(.text) refers to debug_frmwrk.o(.data) for _db_msg
    can_self_test.o(.text) refers to can_self_test.o(.data) for menu
    entry.o(.ARM.Collect$$$$00000000) refers (Special) to entry10a.o(.ARM.Collect$$$$0000000F) for __rt_final_cpp
    entry.o(.ARM.Collect$$$$00000000) refers (Special) to entry11a.o(.ARM.Collect$$$$00000011) for __rt_final_exit
    entry.o(.ARM.Collect$$$$00000000) refers (Special) to entry12b.o(.ARM.Collect$$$$0000000E) for __rt_lib_shutdown_fini
    entry.o(.ARM.Collect$$$$00000000) refers (Special) to entry7b.o(.ARM.Collect$$$$00000008) for _main_clock
    entry.o(.ARM.Collect$$$$00000000) refers (Special) to entry8b.o(.ARM.Collect$$$$0000000A) for _main_cpp_init
    entry.o(.ARM.Collect$$$$00000000) refers (Special) to entry9a.o(.ARM.Collect$$$$0000000B) for _main_init
    entry.o(.ARM.Collect$$$$00000000) refers (Special) to entry5.o(.ARM.Collect$$$$00000004) for _main_scatterload
    entry.o(.ARM.Collect$$$$00000000) refers (Special) to entry2.o(.ARM.Collect$$$$00000001) for _main_stk
    uldiv.o(.text) refers to llushr.o(.text) for __aeabi_llsr
    uldiv.o(.text) refers to llshl.o(.text) for __aeabi_llsl
    entry2.o(.ARM.Collect$$$$00000001) refers to entry2.o(.ARM.Collect$$$$00002712) for __lit__00000000
    entry2.o(.ARM.Collect$$$$00002712) refers to startup_lpc17xx.o(STACK) for __initial_sp
    entry2.o(__vectab_stack_and_reset_area) refers to startup_lpc17xx.o(STACK) for __initial_sp
    entry2.o(__vectab_stack_and_reset_area) refers to entry.o(.ARM.Collect$$$$00000000) for __main
    entry5.o(.ARM.Collect$$$$00000004) refers to init.o(.text) for __scatterload
    entry9a.o(.ARM.Collect$$$$0000000B) refers to can_self_test.o(.text) for main
    entry9b.o(.ARM.Collect$$$$0000000C) refers to can_self_test.o(.text) for main
    init.o(.text) refers to entry5.o(.ARM.Collect$$$$00000004) for __main_after_scatterload


==============================================================================

Removing Unused input sections from the image.

    Removing startup_lpc17xx.o(HEAP), (0 bytes).
    Removing system_lpc17xx.o(.emb_text), (8 bytes).
    Removing lpc17xx_can.o(.emb_text), (8 bytes).
    Removing lpc17xx_clkpwr.o(.emb_text), (8 bytes).
    Removing lpc17xx_gpio.o(.emb_text), (8 bytes).
    Removing lpc17xx_gpio.o(.text), (1036 bytes).
    Removing lpc17xx_pinsel.o(.emb_text), (8 bytes).
    Removing lpc17xx_uart.o(.emb_text), (8 bytes).
    Removing debug_frmwrk.o(.emb_text), (8 bytes).
    Removing can_self_test.o(.emb_text), (8 bytes).

10 unused section(s) (total 1100 bytes) removed from the image.

==============================================================================

Image Symbol Table

    Local Symbols

    Symbol Name                              Value     Ov Type        Size  Object(Section)

    RESET                                    0x00000000   Section      204  startup_lpc17xx.o(RESET)
    ../clib/../cmprslib/zerorunl2.c          0x00000000   Number         0  __dczerorl2.o ABSOLUTE
    ../clib/microlib/division.c              0x00000000   Number         0  uldiv.o ABSOLUTE
    ../clib/microlib/init/entry.s            0x00000000   Number         0  entry9a.o ABSOLUTE
    ../clib/microlib/init/entry.s            0x00000000   Number         0  entry8b.o ABSOLUTE
    ../clib/microlib/init/entry.s            0x00000000   Number         0  entry8a.o ABSOLUTE
    ../clib/microlib/init/entry.s            0x00000000   Number         0  entry7b.o ABSOLUTE
    ../clib/microlib/init/entry.s            0x00000000   Number         0  entry5.o ABSOLUTE
    ../clib/microlib/init/entry.s            0x00000000   Number         0  entry2.o ABSOLUTE
    ../clib/microlib/init/entry.s            0x00000000   Number         0  entry.o ABSOLUTE
    ../clib/microlib/init/entry.s            0x00000000   Number         0  entry12b.o ABSOLUTE
    ../clib/microlib/init/entry.s            0x00000000   Number         0  entry12a.o ABSOLUTE
    ../clib/microlib/init/entry.s            0x00000000   Number         0  entry11b.o ABSOLUTE
    ../clib/microlib/init/entry.s            0x00000000   Number         0  entry11a.o ABSOLUTE
    ../clib/microlib/init/entry.s            0x00000000   Number         0  entry10b.o ABSOLUTE
    ../clib/microlib/init/entry.s            0x00000000   Number         0  entry10a.o ABSOLUTE
    ../clib/microlib/init/entry.s            0x00000000   Number         0  entry9b.o ABSOLUTE
    ../clib/microlib/init/entry.s            0x00000000   Number         0  entry7a.o ABSOLUTE
    ../clib/microlib/longlong.c              0x00000000   Number         0  llushr.o ABSOLUTE
    ../clib/microlib/longlong.c              0x00000000   Number         0  llshl.o ABSOLUTE
    ..\..\..\..\Core\CM3\CoreSupport\core_cm3.c 0x00000000   Number         0  core_cm3.o ABSOLUTE
    ..\..\..\..\Core\CM3\DeviceSupport\NXP\LPC17xx\startup\arm\startup_LPC17xx.s 0x00000000   Number         0  startup_lpc17xx.o ABSOLUTE
    ..\..\..\..\Core\CM3\DeviceSupport\NXP\LPC17xx\system_LPC17xx.c 0x00000000   Number         0  system_lpc17xx.o ABSOLUTE
    ..\..\..\..\Drivers\source\debug_frmwrk.c 0x00000000   Number         0  debug_frmwrk.o ABSOLUTE
    ..\..\..\..\Drivers\source\lpc17xx_can.c 0x00000000   Number         0  lpc17xx_can.o ABSOLUTE
    ..\..\..\..\Drivers\source\lpc17xx_clkpwr.c 0x00000000   Number         0  lpc17xx_clkpwr.o ABSOLUTE
    ..\..\..\..\Drivers\source\lpc17xx_gpio.c 0x00000000   Number         0  lpc17xx_gpio.o ABSOLUTE
    ..\..\..\..\Drivers\source\lpc17xx_pinsel.c 0x00000000   Number         0  lpc17xx_pinsel.o ABSOLUTE
    ..\..\..\..\Drivers\source\lpc17xx_uart.c 0x00000000   Number         0  lpc17xx_uart.o ABSOLUTE
    ..\\..\\..\\..\\Core\\CM3\\DeviceSupport\\NXP\\LPC17xx\\system_LPC17xx.c 0x00000000   Number         0  system_lpc17xx.o ABSOLUTE
    ..\\..\\..\\..\\Drivers\\source\\debug_frmwrk.c 0x00000000   Number         0  debug_frmwrk.o ABSOLUTE
    ..\\..\\..\\..\\Drivers\\source\\lpc17xx_can.c 0x00000000   Number         0  lpc17xx_can.o ABSOLUTE
    ..\\..\\..\\..\\Drivers\\source\\lpc17xx_clkpwr.c 0x00000000   Number         0  lpc17xx_clkpwr.o ABSOLUTE
    ..\\..\\..\\..\\Drivers\\source\\lpc17xx_gpio.c 0x00000000   Number         0  lpc17xx_gpio.o ABSOLUTE
    ..\\..\\..\\..\\Drivers\\source\\lpc17xx_pinsel.c 0x00000000   Number         0  lpc17xx_pinsel.o ABSOLUTE
    ..\\..\\..\\..\\Drivers\\source\\lpc17xx_uart.c 0x00000000   Number         0  lpc17xx_uart.o ABSOLUTE
    ..\\can_self_test.c                      0x00000000   Number         0  can_self_test.o ABSOLUTE
    ..\can_self_test.c                       0x00000000   Number         0  can_self_test.o ABSOLUTE
    dc.s                                     0x00000000   Number         0  dc.o ABSOLUTE
    handlers.s                               0x00000000   Number         0  handlers.o ABSOLUTE
    init.s                                   0x00000000   Number         0  init.o ABSOLUTE
    .ARM.Collect$$$$00000000                 0x000000cc   Section        0  entry.o(.ARM.Collect$$$$00000000)
    .ARM.Collect$$$$00000001                 0x000000cc   Section        4  entry2.o(.ARM.Collect$$$$00000001)
    .ARM.Collect$$$$00000004                 0x000000d0   Section        4  entry5.o(.ARM.Collect$$$$00000004)
    .ARM.Collect$$$$00000008                 0x000000d4   Section        0  entry7b.o(.ARM.Collect$$$$00000008)
    .ARM.Collect$$$$0000000A                 0x000000d4   Section        0  entry8b.o(.ARM.Collect$$$$0000000A)
    .ARM.Collect$$$$0000000B                 0x000000d4   Section        8  entry9a.o(.ARM.Collect$$$$0000000B)
    .ARM.Collect$$$$0000000E                 0x000000dc   Section        4  entry12b.o(.ARM.Collect$$$$0000000E)
    .ARM.Collect$$$$0000000F                 0x000000e0   Section        0  entry10a.o(.ARM.Collect$$$$0000000F)
    .ARM.Collect$$$$00000011                 0x000000e0   Section        0  entry11a.o(.ARM.Collect$$$$00000011)
    .ARM.Collect$$$$00002712                 0x000000e0   Section        4  entry2.o(.ARM.Collect$$$$00002712)
    __lit__00000000                          0x000000e0   Data           4  entry2.o(.ARM.Collect$$$$00002712)
    .text                                    0x000000e4   Section       36  startup_lpc17xx.o(.text)
    .text                                    0x00000108   Section        0  lpc17xx_clkpwr.o(.text)
    .text                                    0x00000248   Section        0  uldiv.o(.text)
    .text                                    0x000002aa   Section        0  llshl.o(.text)
    .text                                    0x000002c8   Section        0  llushr.o(.text)
    i.__scatterload_copy                     0x000002e8   Section       14  handlers.o(i.__scatterload_copy)
    i.__scatterload_null                     0x000002f6   Section        2  handlers.o(i.__scatterload_null)
    .ARM.__at_0x02FC                         0x000002fc   Section        4  startup_lpc17xx.o(.ARM.__at_0x02FC)
    .text                                    0x00000300   Section        0  system_lpc17xx.o(.text)
    .text                                    0x00000580   Section        0  lpc17xx_can.o(.text)
    can_SetBaudrate                          0x00000581   Thumb Code   178  lpc17xx_can.o(.text)
    .text                                    0x000023ec   Section        0  lpc17xx_pinsel.o(.text)
    set_PinFunc                              0x000023ed   Thumb Code    60  lpc17xx_pinsel.o(.text)
    set_ResistorMode                         0x00002429   Thumb Code    62  lpc17xx_pinsel.o(.text)
    set_OpenDrainMode                        0x00002467   Thumb Code    44  lpc17xx_pinsel.o(.text)
    .text                                    0x000024ec   Section        0  lpc17xx_uart.o(.text)
    uart_set_divisors                        0x000024ed   Thumb Code   466  lpc17xx_uart.o(.text)
    .text                                    0x00002f08   Section        0  debug_frmwrk.o(.text)
    .text                                    0x0000332c   Section        0  can_self_test.o(.text)
    .text                                    0x00003740   Section       36  init.o(.text)
    .text                                    0x00003764   Section        0  __dczerorl2.o(.text)
    i.__scatterload_zeroinit                 0x000037ba   Section       14  handlers.o(i.__scatterload_zeroinit)
    STACK                                    0x10000000   Section      512  startup_lpc17xx.o(STACK)
    .data                                    0x2007c000   Section        4  system_lpc17xx.o(.data)
    .data                                    0x2007c004   Section       12  lpc17xx_can.o(.data)
    .data                                    0x2007c010   Section       40  debug_frmwrk.o(.data)
    .data                                    0x2007c038   Section      384  can_self_test.o(.data)
    .bss                                     0x2007c1b8   Section       32  can_self_test.o(.bss)

    Global Symbols

    Symbol Name                              Value     Ov Type        Size  Object(Section)

    BuildAttributes$$THM_ISAv4$P$D$K$B$S$PE$A:L22UL41UL21$X:L11$S22US41US21$IEEE1$IW$USESV6$~STKCKD$USESV7$~SHL$OSPACE$EBA8$MICROLIB$REQ8$PRES8$EABIv2 0x00000000   Number         0  anon$$obj.o ABSOLUTE
    __ARM_use_no_argv                        0x00000000   Number         0  can_self_test.o ABSOLUTE
    __Vectors                                0x00000000   Data           4  startup_lpc17xx.o(RESET)
    __arm_fini_                               - Undefined Weak Reference
    __cpp_initialize__aeabi_                  - Undefined Weak Reference
    __cxa_finalize                            - Undefined Weak Reference
    _clock_init                               - Undefined Weak Reference
    _microlib_exit                            - Undefined Weak Reference
    __main                                   0x000000cd   Thumb Code     0  entry.o(.ARM.Collect$$$$00000000)
    _main_stk                                0x000000cd   Thumb Code     0  entry2.o(.ARM.Collect$$$$00000001)
    _main_scatterload                        0x000000d1   Thumb Code     0  entry5.o(.ARM.Collect$$$$00000004)
    __main_after_scatterload                 0x000000d5   Thumb Code     0  entry5.o(.ARM.Collect$$$$00000004)
    _main_clock                              0x000000d5   Thumb Code     0  entry7b.o(.ARM.Collect$$$$00000008)
    _main_cpp_init                           0x000000d5   Thumb Code     0  entry8b.o(.ARM.Collect$$$$0000000A)
    _main_init                               0x000000d5   Thumb Code     0  entry9a.o(.ARM.Collect$$$$0000000B)
    __rt_lib_shutdown_fini                   0x000000dd   Thumb Code     0  entry12b.o(.ARM.Collect$$$$0000000E)
    __rt_final_cpp                           0x000000e1   Thumb Code     0  entry10a.o(.ARM.Collect$$$$0000000F)
    __rt_final_exit                          0x000000e1   Thumb Code     0  entry11a.o(.ARM.Collect$$$$00000011)
    Reset_Handler                            0x000000e5   Thumb Code     8  startup_lpc17xx.o(.text)
    NMI_Handler                              0x000000ed   Thumb Code     2  startup_lpc17xx.o(.text)
    HardFault_Handler                        0x000000ef   Thumb Code     2  startup_lpc17xx.o(.text)
    MemManage_Handler                        0x000000f1   Thumb Code     2  startup_lpc17xx.o(.text)
    BusFault_Handler                         0x000000f3   Thumb Code     2  startup_lpc17xx.o(.text)
    UsageFault_Handler                       0x000000f5   Thumb Code     2  startup_lpc17xx.o(.text)
    SVC_Handler                              0x000000f7   Thumb Code     2  startup_lpc17xx.o(.text)
    DebugMon_Handler                         0x000000f9   Thumb Code     2  startup_lpc17xx.o(.text)
    PendSV_Handler                           0x000000fb   Thumb Code     2  startup_lpc17xx.o(.text)
    SysTick_Handler                          0x000000fd   Thumb Code     2  startup_lpc17xx.o(.text)
    ADC_IRQHandler                           0x000000ff   Thumb Code     0  startup_lpc17xx.o(.text)
    BOD_IRQHandler                           0x000000ff   Thumb Code     0  startup_lpc17xx.o(.text)
    CANActivity_IRQHandler                   0x000000ff   Thumb Code     0  startup_lpc17xx.o(.text)
    DMA_IRQHandler                           0x000000ff   Thumb Code     0  startup_lpc17xx.o(.text)
    EINT0_IRQHandler                         0x000000ff   Thumb Code     0  startup_lpc17xx.o(.text)
    EINT1_IRQHandler                         0x000000ff   Thumb Code     0  startup_lpc17xx.o(.text)
    EINT2_IRQHandler                         0x000000ff   Thumb Code     0  startup_lpc17xx.o(.text)
    EINT3_IRQHandler                         0x000000ff   Thumb Code     0  startup_lpc17xx.o(.text)
    ENET_IRQHandler                          0x000000ff   Thumb Code     0  startup_lpc17xx.o(.text)
    I2C0_IRQHandler                          0x000000ff   Thumb Code     0  startup_lpc17xx.o(.text)
    I2C1_IRQHandler                          0x000000ff   Thumb Code     0  startup_lpc17xx.o(.text)
    I2C2_IRQHandler                          0x000000ff   Thumb Code     0  startup_lpc17xx.o(.text)
    I2S_IRQHandler                           0x000000ff   Thumb Code     0  startup_lpc17xx.o(.text)
    MCPWM_IRQHandler                         0x000000ff   Thumb Code     0  startup_lpc17xx.o(.text)
    PLL0_IRQHandler                          0x000000ff   Thumb Code     0  startup_lpc17xx.o(.text)
    PLL1_IRQHandler                          0x000000ff   Thumb Code     0  startup_lpc17xx.o(.text)
    PWM1_IRQHandler                          0x000000ff   Thumb Code     0  startup_lpc17xx.o(.text)
    QEI_IRQHandler                           0x000000ff   Thumb Code     0  startup_lpc17xx.o(.text)
    RIT_IRQHandler                           0x000000ff   Thumb Code     0  startup_lpc17xx.o(.text)
    RTC_IRQHandler                           0x000000ff   Thumb Code     0  startup_lpc17xx.o(.text)
    SPI_IRQHandler                           0x000000ff   Thumb Code     0  startup_lpc17xx.o(.text)
    SSP0_IRQHandler                          0x000000ff   Thumb Code     0  startup_lpc17xx.o(.text)
    SSP1_IRQHandler                          0x000000ff   Thumb Code     0  startup_lpc17xx.o(.text)
    TIMER0_IRQHandler                        0x000000ff   Thumb Code     0  startup_lpc17xx.o(.text)
    TIMER1_IRQHandler                        0x000000ff   Thumb Code     0  startup_lpc17xx.o(.text)
    TIMER2_IRQHandler                        0x000000ff   Thumb Code     0  startup_lpc17xx.o(.text)
    TIMER3_IRQHandler                        0x000000ff   Thumb Code     0  startup_lpc17xx.o(.text)
    UART0_IRQHandler                         0x000000ff   Thumb Code     0  startup_lpc17xx.o(.text)
    UART1_IRQHandler                         0x000000ff   Thumb Code     0  startup_lpc17xx.o(.text)
    UART2_IRQHandler                         0x000000ff   Thumb Code     0  startup_lpc17xx.o(.text)
    UART3_IRQHandler                         0x000000ff   Thumb Code     0  startup_lpc17xx.o(.text)
    USBActivity_IRQHandler                   0x000000ff   Thumb Code     0  startup_lpc17xx.o(.text)
    USB_IRQHandler                           0x000000ff   Thumb Code     0  startup_lpc17xx.o(.text)
    WDT_IRQHandler                           0x000000ff   Thumb Code     0  startup_lpc17xx.o(.text)
    CLKPWR_SetPCLKDiv                        0x00000109   Thumb Code    94  lpc17xx_clkpwr.o(.text)
    CLKPWR_GetPCLKSEL                        0x00000167   Thumb Code    34  lpc17xx_clkpwr.o(.text)
    CLKPWR_GetPCLK                           0x00000189   Thumb Code    58  lpc17xx_clkpwr.o(.text)
    CLKPWR_ConfigPPWR                        0x000001c3   Thumb Code    46  lpc17xx_clkpwr.o(.text)
    CLKPWR_Sleep                             0x000001f1   Thumb Code    12  lpc17xx_clkpwr.o(.text)
    CLKPWR_DeepSleep                         0x000001fd   Thumb Code    18  lpc17xx_clkpwr.o(.text)
    CLKPWR_PowerDown                         0x0000020f   Thumb Code    18  lpc17xx_clkpwr.o(.text)
    CLKPWR_DeepPowerDown                     0x00000221   Thumb Code    18  lpc17xx_clkpwr.o(.text)
    __aeabi_uldivmod                         0x00000249   Thumb Code    98  uldiv.o(.text)
    __aeabi_llsl                             0x000002ab   Thumb Code    30  llshl.o(.text)
    _ll_shift_l                              0x000002ab   Thumb Code     0  llshl.o(.text)
    __aeabi_llsr                             0x000002c9   Thumb Code    32  llushr.o(.text)
    _ll_ushift_r                             0x000002c9   Thumb Code     0  llushr.o(.text)
    __scatterload_copy                       0x000002e9   Thumb Code    14  handlers.o(i.__scatterload_copy)
    __scatterload_null                       0x000002f7   Thumb Code     2  handlers.o(i.__scatterload_null)
    SystemCoreClockUpdate                    0x00000301   Thumb Code   300  system_lpc17xx.o(.text)
    SystemInit                               0x0000042d   Thumb Code   308  system_lpc17xx.o(.text)
    CAN_Init                                 0x00000633   Thumb Code   154  lpc17xx_can.o(.text)
    CAN_DeInit                               0x000006cd   Thumb Code    56  lpc17xx_can.o(.text)
    CAN_SetupAFLUT                           0x00000705   Thumb Code  1788  lpc17xx_can.o(.text)
    CAN_LoadExplicitEntry                    0x00000e01   Thumb Code   844  lpc17xx_can.o(.text)
    CAN_LoadFullCANEntry                     0x0000114d   Thumb Code   846  lpc17xx_can.o(.text)
    CAN_LoadGroupEntry                       0x0000149b   Thumb Code   838  lpc17xx_can.o(.text)
    CAN_RemoveEntry                          0x000017e1   Thumb Code  1234  lpc17xx_can.o(.text)
    CAN_SendMsg                              0x00001cb3   Thumb Code   576  lpc17xx_can.o(.text)
    CAN_ReceiveMsg                           0x00001ef3   Thumb Code   124  lpc17xx_can.o(.text)
    FCAN_ReadObj                             0x00001f6f   Thumb Code   218  lpc17xx_can.o(.text)
    CAN_GetCTRLStatus                        0x00002049   Thumb Code    84  lpc17xx_can.o(.text)
    CAN_GetCRStatus                          0x0000209d   Thumb Code    66  lpc17xx_can.o(.text)
    CAN_IRQCmd                               0x000020df   Thumb Code   172  lpc17xx_can.o(.text)
    CAN_SetAFMode                            0x0000218b   Thumb Code    94  lpc17xx_can.o(.text)
    CAN_ModeConfig                           0x000021e9   Thumb Code   344  lpc17xx_can.o(.text)
    CAN_SetCommand                           0x00002341   Thumb Code    38  lpc17xx_can.o(.text)
    CAN_IntGetStatus                         0x00002367   Thumb Code    32  lpc17xx_can.o(.text)
    CAN_FullCANIntGetStatus                  0x00002387   Thumb Code    34  lpc17xx_can.o(.text)
    CAN_FullCANPendGetStatus                 0x000023a9   Thumb Code    52  lpc17xx_can.o(.text)
    PINSEL_ConfigTraceFunc                   0x00002493   Thumb Code    34  lpc17xx_pinsel.o(.text)
    PINSEL_SetI2C0Pins                       0x000024b5   Thumb Code    16  lpc17xx_pinsel.o(.text)
    PINSEL_ConfigPin                         0x000024c5   Thumb Code    36  lpc17xx_pinsel.o(.text)
    UART_Init                                0x000026bf   Thumb Code   448  lpc17xx_uart.o(.text)
    UART_TxCmd                               0x0000287f   Thumb Code   188  lpc17xx_uart.o(.text)
    UART_DeInit                              0x0000293b   Thumb Code    66  lpc17xx_uart.o(.text)
    UART_ConfigStructInit                    0x0000297d   Thumb Code    18  lpc17xx_uart.o(.text)
    UART_SendByte                            0x0000298f   Thumb Code    58  lpc17xx_uart.o(.text)
    UART_ReceiveByte                         0x000029c9   Thumb Code    56  lpc17xx_uart.o(.text)
    UART_Send                                0x00002a01   Thumb Code   152  lpc17xx_uart.o(.text)
    UART_Receive                             0x00002a99   Thumb Code   124  lpc17xx_uart.o(.text)
    UART_ForceBreak                          0x00002b15   Thumb Code    68  lpc17xx_uart.o(.text)
    UART_IntConfig                           0x00002b59   Thumb Code   260  lpc17xx_uart.o(.text)
    UART_GetLineStatus                       0x00002c5d   Thumb Code    56  lpc17xx_uart.o(.text)
    UART_GetIntId                            0x00002c95   Thumb Code    52  lpc17xx_uart.o(.text)
    UART_CheckBusy                           0x00002cc9   Thumb Code    18  lpc17xx_uart.o(.text)
    UART_FIFOConfig                          0x00002cdb   Thumb Code   270  lpc17xx_uart.o(.text)
    UART_FIFOConfigStructInit                0x00002de9   Thumb Code    14  lpc17xx_uart.o(.text)
    UART_ABCmd                               0x00002df7   Thumb Code   192  lpc17xx_uart.o(.text)
    UART_ABClearIntPending                   0x00002eb7   Thumb Code    66  lpc17xx_uart.o(.text)
    UARTPutChar                              0x00002f09   Thumb Code    18  debug_frmwrk.o(.text)
    UARTGetChar                              0x00002f1b   Thumb Code    26  debug_frmwrk.o(.text)
    UARTPuts                                 0x00002f35   Thumb Code    28  debug_frmwrk.o(.text)
    UARTPuts_                                0x00002f51   Thumb Code    24  debug_frmwrk.o(.text)
    UARTPutDec                               0x00002f69   Thumb Code    96  debug_frmwrk.o(.text)
    UARTPutDec16                             0x00002fc9   Thumb Code   160  debug_frmwrk.o(.text)
    UARTPutDec32                             0x00003069   Thumb Code   280  debug_frmwrk.o(.text)
    UARTPutHex                               0x00003181   Thumb Code    66  debug_frmwrk.o(.text)
    UARTPutHex16                             0x000031c3   Thumb Code    66  debug_frmwrk.o(.text)
    UARTPutHex32                             0x00003205   Thumb Code    66  debug_frmwrk.o(.text)
    debug_frmwrk_init                        0x00003247   Thumb Code   158  debug_frmwrk.o(.text)
    Check_Message                            0x0000332d   Thumb Code   158  can_self_test.o(.text)
    PrintMessage                             0x000033cb   Thumb Code   248  can_self_test.o(.text)
    CAN_IRQHandler                           0x000034c3   Thumb Code    78  can_self_test.o(.text)
    CAN_InitMessage                          0x00003511   Thumb Code    76  can_self_test.o(.text)
    print_menu                               0x0000355d   Thumb Code    14  can_self_test.o(.text)
    c_entry                                  0x0000356b   Thumb Code   118  can_self_test.o(.text)
    main                                     0x000035e1   Thumb Code     4  can_self_test.o(.text)
    check_failed                             0x000035e5   Thumb Code     4  can_self_test.o(.text)
    __scatterload                            0x00003741   Thumb Code    28  init.o(.text)
    __scatterload_rt2                        0x00003741   Thumb Code     0  init.o(.text)
    __decompress                             0x00003765   Thumb Code     0  __dczerorl2.o(.text)
    __decompress1                            0x00003765   Thumb Code    86  __dczerorl2.o(.text)
    __scatterload_zeroinit                   0x000037bb   Thumb Code    14  handlers.o(i.__scatterload_zeroinit)
    Region$$Table$$Base                      0x000037c8   Number         0  anon$$obj.o(Region$$Table)
    Region$$Table$$Limit                     0x000037f8   Number         0  anon$$obj.o(Region$$Table)
    __initial_sp                             0x10000200   Data           0  startup_lpc17xx.o(STACK)
    SystemCoreClock                          0x2007c000   Data           4  system_lpc17xx.o(.data)
    FULLCAN_ENABLE                           0x2007c004   Data           1  lpc17xx_can.o(.data)
    CANAF_FullCAN_cnt                        0x2007c006   Data           2  lpc17xx_can.o(.data)
    CANAF_std_cnt                            0x2007c008   Data           2  lpc17xx_can.o(.data)
    CANAF_gstd_cnt                           0x2007c00a   Data           2  lpc17xx_can.o(.data)
    CANAF_ext_cnt                            0x2007c00c   Data           2  lpc17xx_can.o(.data)
    CANAF_gext_cnt                           0x2007c00e   Data           2  lpc17xx_can.o(.data)
    _db_msg                                  0x2007c010   Data           4  debug_frmwrk.o(.data)
    _db_msg_                                 0x2007c014   Data           4  debug_frmwrk.o(.data)
    _db_char                                 0x2007c018   Data           4  debug_frmwrk.o(.data)
    _db_dec                                  0x2007c01c   Data           4  debug_frmwrk.o(.data)
    _db_dec_16                               0x2007c020   Data           4  debug_frmwrk.o(.data)
    _db_dec_32                               0x2007c024   Data           4  debug_frmwrk.o(.data)
    _db_hex                                  0x2007c028   Data           4  debug_frmwrk.o(.data)
    _db_hex_16                               0x2007c02c   Data           4  debug_frmwrk.o(.data)
    _db_hex_32                               0x2007c030   Data           4  debug_frmwrk.o(.data)
    _db_get_char                             0x2007c034   Data           4  debug_frmwrk.o(.data)
    menu                                     0x2007c038   Data         375  can_self_test.o(.data)
    CANRxCount                               0x2007c1b0   Data           4  can_self_test.o(.data)
    CANTxCount                               0x2007c1b4   Data           4  can_self_test.o(.data)
    TXMsg                                    0x2007c1b8   Data          16  can_self_test.o(.bss)
    RXMsg                                    0x2007c1c8   Data          16  can_self_test.o(.bss)



==============================================================================

Memory Map of the image

  Image Entry point : 0x000000cd

  Load Region LR_IROM1 (Base: 0x00000000, Size: 0x000039b0, Max: 0x00080000, ABSOLUTE, COMPRESSED[0x000038cc])

    Execution Region ER_IROM1 (Exec base: 0x00000000, Load base: 0x00000000, Size: 0x000037f8, Max: 0x00080000, ABSOLUTE)

    Exec Addr    Load Addr    Size         Type   Attr      Idx    E Section Name        Object

    0x00000000   0x00000000   0x000000cc   Data   RO            3    RESET               startup_lpc17xx.o
    0x000000cc   0x000000cc   0x00000000   Code   RO          234  * .ARM.Collect$$$$00000000  mc_w.l(entry.o)
    0x000000cc   0x000000cc   0x00000004   Code   RO          239    .ARM.Collect$$$$00000001  mc_w.l(entry2.o)
    0x000000d0   0x000000d0   0x00000004   Code   RO          242    .ARM.Collect$$$$00000004  mc_w.l(entry5.o)
    0x000000d4   0x000000d4   0x00000000   Code   RO          244    .ARM.Collect$$$$00000008  mc_w.l(entry7b.o)
    0x000000d4   0x000000d4   0x00000000   Code   RO          246    .ARM.Collect$$$$0000000A  mc_w.l(entry8b.o)
    0x000000d4   0x000000d4   0x00000008   Code   RO          247    .ARM.Collect$$$$0000000B  mc_w.l(entry9a.o)
    0x000000dc   0x000000dc   0x00000004   Code   RO          254    .ARM.Collect$$$$0000000E  mc_w.l(entry12b.o)
    0x000000e0   0x000000e0   0x00000000   Code   RO          249    .ARM.Collect$$$$0000000F  mc_w.l(entry10a.o)
    0x000000e0   0x000000e0   0x00000000   Code   RO          251    .ARM.Collect$$$$00000011  mc_w.l(entry11a.o)
    0x000000e0   0x000000e0   0x00000004   Code   RO          240    .ARM.Collect$$$$00002712  mc_w.l(entry2.o)
    0x000000e4   0x000000e4   0x00000024   Code   RO            5    .text               startup_lpc17xx.o
    0x00000108   0x00000108   0x00000140   Code   RO           94    .text               lpc17xx_clkpwr.o
    0x00000248   0x00000248   0x00000062   Code   RO          237    .text               mc_w.l(uldiv.o)
    0x000002aa   0x000002aa   0x0000001e   Code   RO          255    .text               mc_w.l(llshl.o)
    0x000002c8   0x000002c8   0x00000020   Code   RO          257    .text               mc_w.l(llushr.o)
    0x000002e8   0x000002e8   0x0000000e   Code   RO          263    i.__scatterload_copy  mc_w.l(handlers.o)
    0x000002f6   0x000002f6   0x00000002   Code   RO          264    i.__scatterload_null  mc_w.l(handlers.o)
    0x000002f8   0x000002f8   0x00000004   PAD
    0x000002fc   0x000002fc   0x00000004   Code   RO            4    .ARM.__at_0x02FC    startup_lpc17xx.o
    0x00000300   0x00000300   0x00000280   Code   RO           24    .text               system_lpc17xx.o
    0x00000580   0x00000580   0x00001e6c   Code   RO           59    .text               lpc17xx_can.o
    0x000023ec   0x000023ec   0x00000100   Code   RO          129    .text               lpc17xx_pinsel.o
    0x000024ec   0x000024ec   0x00000a1c   Code   RO          148    .text               lpc17xx_uart.o
    0x00002f08   0x00002f08   0x00000424   Code   RO          167    .text               debug_frmwrk.o
    0x0000332c   0x0000332c   0x00000414   Code   RO          189    .text               can_self_test.o
    0x00003740   0x00003740   0x00000024   Code   RO          259    .text               mc_w.l(init.o)
    0x00003764   0x00003764   0x00000056   Code   RO          269    .text               mc_w.l(__dczerorl2.o)
    0x000037ba   0x000037ba   0x0000000e   Code   RO          265    i.__scatterload_zeroinit  mc_w.l(handlers.o)
    0x000037c8   0x000037c8   0x00000030   Data   RO          261    Region$$Table       anon$$obj.o


    Execution Region RW_IRAM1 (Exec base: 0x10000000, Load base: 0x000037f8, Size: 0x00000200, Max: 0x00008000, ABSOLUTE)

    Exec Addr    Load Addr    Size         Type   Attr      Idx    E Section Name        Object

    0x10000000        -       0x00000200   Zero   RW            1    STACK               startup_lpc17xx.o


    Execution Region RW_IRAM2 (Exec base: 0x2007c000, Load base: 0x000037f8, Size: 0x000001d8, Max: 0x00008000, ABSOLUTE, COMPRESSED[0x000000d4])

    Exec Addr    Load Addr    Size         Type   Attr      Idx    E Section Name        Object

    0x2007c000   COMPRESSED   0x00000004   Data   RW           25    .data               system_lpc17xx.o
    0x2007c004   COMPRESSED   0x0000000c   Data   RW           60    .data               lpc17xx_can.o
    0x2007c010   COMPRESSED   0x00000028   Data   RW          168    .data               debug_frmwrk.o
    0x2007c038   COMPRESSED   0x00000180   Data   RW          191    .data               can_self_test.o
    0x2007c1b8        -       0x00000020   Zero   RW          190    .bss                can_self_test.o


==============================================================================

Image component sizes


      Code (inc. data)   RO Data    RW Data    ZI Data      Debug   Object Name

      1044        344          0        384         32      47285   can_self_test.o
         0          0          0          0          0       4508   core_cm3.o
      1060         72          0         40          0       4682   debug_frmwrk.o
      7788        296          0         12          0      24503   lpc17xx_can.o
       320         22          0          0          0       1883   lpc17xx_clkpwr.o
       256          4          0          0          0       4237   lpc17xx_pinsel.o
      2588        100          0          0          0      16538   lpc17xx_uart.o
        40         12        204          0        512       1260   startup_lpc17xx.o
       640         32          0          4          0      18497   system_lpc17xx.o

    ----------------------------------------------------------------------
     13736        882        252        440        544     123393   Object Totals
         0          0         48          0          0          0   (incl. Generated)
         0          0          0          0          0          0   (incl. Padding)

    ----------------------------------------------------------------------

      Code (inc. data)   RO Data    RW Data    ZI Data      Debug   Library Member Name

        86          0          0          0          0          0   __dczerorl2.o
         0          0          0          0          0          0   entry.o
         0          0          0          0          0          0   entry10a.o
         0          0          0          0          0          0   entry11a.o
         4          0          0          0          0          0   entry12b.o
         8          4          0          0          0          0   entry2.o
         4          0          0          0          0          0   entry5.o
         0          0          0          0          0          0   entry7b.o
         0          0          0          0          0          0   entry8b.o
         8          4          0          0          0          0   entry9a.o
        30          0          0          0          0          0   handlers.o
        36          8          0          0          0         68   init.o
        30          0          0          0          0         68   llshl.o
        32          0          0          0          0         68   llushr.o
        98          0          0          0          0         92   uldiv.o

    ----------------------------------------------------------------------
       340         16          0          0          0        296   Library Totals
         4          0          0          0          0          0   (incl. Padding)

    ----------------------------------------------------------------------

      Code (inc. data)   RO Data    RW Data    ZI Data      Debug   Library Name

       336         16          0          0          0        296   mc_w.l

    ----------------------------------------------------------------------
       340         16          0          0          0        296   Library Totals

    ----------------------------------------------------------------------

==============================================================================


      Code (inc. data)   RO Data    RW Data    ZI Data      Debug   

     14076        898        252        440        544     123401   Grand Totals
     14076        898        252        212        544     123401   ELF Image Totals (compressed)
     14076        898        252        212          0          0   ROM Totals

==============================================================================

    Total RO  Size (Code + RO Data)                14328 (  13.99kB)
    Total RW  Size (RW Data + ZI Data)               984 (   0.96kB)
    Total ROM Size (Code + RO Data + RW Data)      14540 (  14.20kB)

==============================================================================

